// Jest Snapshot v1, https://goo.gl/fbAQLP

exports[`LoginEmailPassword renders correctly 1`] = `
<form
  className="sc-jTzLTM fvNgiU"
  onSubmit={[Function]}
>
  <input
    aria-label="Email Address"
    className="sc-htoDjs cqwAbC"
    name="email"
    onChange={[Function]}
    placeholder="Email"
    type="email"
    value=""
    width="24rem"
  />
  <input
    aria-label="Password"
    className="sc-htoDjs kDewdI"
    fontFamily="Lato"
    name="password"
    onChange={[Function]}
    placeholder="Password"
    type="password"
    value=""
    width="24.3rem"
  />
  <div
    className="radio"
  >
    <input
      aria-label="Remember"
      checked={false}
      className="sc-htoDjs jwCMsF"
      id="remember"
      name="remember"
      onClick={[Function]}
      type="radio"
      width="2rem"
    />
    <label
      for="remember"
    >
       Remember Me
    </label>
  </div>
  <button
    className="sc-gzVnrw jIQDcO"
    fontSize="16px"
    fontWeight="700"
    height="2.2rem"
    width="25rem"
  >
    LOG IN
  </button>
</form>
`;
